========================================
=== Elaborazione Dataset 10% ===
========================================
-> Eseguendo 3.1 con Hive (10%)...
-> Eseguendo 3.1 con Spark_SQL (10%)...
-> Eseguendo 3.1 con MapReduce (10%)...
-> Eseguendo 3.2 con Hive (10%)...
-> Eseguendo 3.2 con Spark_SQL (10%)...
-> Eseguendo 3.2 con MapReduce (10%)...
-> Eseguendo 3.3 con Spark_Core (10%)...
-> Eseguendo 3.3 con Spark_SQL (10%)...
-> Eseguendo 3.3 con MapReduce (10%)...
========================================
=== Elaborazione Dataset 25% ===
========================================
-> Eseguendo 3.1 con Hive (25%)...
-> Eseguendo 3.1 con Spark_SQL (25%)...
-> Eseguendo 3.1 con MapReduce (25%)...
-> Eseguendo 3.2 con Hive (25%)...
-> Eseguendo 3.2 con Spark_SQL (25%)...
-> Eseguendo 3.2 con MapReduce (25%)...
-> Eseguendo 3.3 con Spark_Core (25%)...
-> Eseguendo 3.3 con Spark_SQL (25%)...
-> Eseguendo 3.3 con MapReduce (25%)...
========================================
=== Elaborazione Dataset 50% ===
========================================
-> Eseguendo 3.1 con Hive (50%)...
-> Eseguendo 3.1 con Spark_SQL (50%)...
-> Eseguendo 3.1 con MapReduce (50%)...
-> Eseguendo 3.2 con Hive (50%)...
-> Eseguendo 3.2 con Spark_SQL (50%)...
-> Eseguendo 3.2 con MapReduce (50%)...
-> Eseguendo 3.3 con Spark_Core (50%)...
-> Eseguendo 3.3 con Spark_SQL (50%)...
-> Eseguendo 3.3 con MapReduce (50%)...
========================================
=== Elaborazione Dataset 75% ===
========================================
-> Eseguendo 3.1 con Hive (75%)...
-> Eseguendo 3.1 con Spark_SQL (75%)...
-> Eseguendo 3.1 con MapReduce (75%)...
-> Eseguendo 3.2 con Hive (75%)...
-> Eseguendo 3.2 con Spark_SQL (75%)...
-> Eseguendo 3.2 con MapReduce (75%)...
-> Eseguendo 3.3 con Spark_Core (75%)...
-> Eseguendo 3.3 con Spark_SQL (75%)...
-> Eseguendo 3.3 con MapReduce (75%)...
========================================
=== Elaborazione Dataset 100% ===
========================================
-> Eseguendo 3.1 con Hive (100%)...
-> Eseguendo 3.1 con Spark_SQL (100%)...
-> Eseguendo 3.1 con MapReduce (100%)...
-> Eseguendo 3.2 con Hive (100%)...
-> Eseguendo 3.2 con Spark_SQL (100%)...
-> Eseguendo 3.2 con MapReduce (100%)...
-> Eseguendo 3.3 con Spark_Core (100%)...
-> Eseguendo 3.3 con Spark_SQL (100%)...
-> Eseguendo 3.3 con MapReduce (100%)...
=> Salvataggio dei risultati 100% in /results...
========================================
=== Elaborazione Dataset 150% ===
========================================
-> Eseguendo 3.1 con Hive (150%)...
-> Eseguendo 3.1 con Spark_SQL (150%)...
-> Eseguendo 3.1 con MapReduce (150%)...
-> Eseguendo 3.2 con Hive (150%)...
-> Eseguendo 3.2 con Spark_SQL (150%)...
-> Eseguendo 3.2 con MapReduce (150%)...
-> Eseguendo 3.3 con Spark_Core (150%)...
-> Eseguendo 3.3 con Spark_SQL (150%)...
-> Eseguendo 3.3 con MapReduce (150%)...
✅ OPERAZIONE COMPLETATA! Risultati CSV salvati solo per il 100%.
